// Jest Snapshot v1, https://goo.gl/fbAQLP

exports[`BackFromEditing mounts 1`] = `
<div>
  <a
    aria-disabled="false"
    class="MuiButtonBase-root MuiIconButton-root large"
    href="/"
    tabindex="0"
  >
    <span
      class="MuiIconButton-label"
    >
      <svg
        class="styles__icon___23x3R"
        height="16"
        viewBox="0 0 16 16"
        width="16"
      >
        <path
          d="M16 7H3.83l5.59-5.59L8 0 0 8l8 8 1.41-1.41L3.83 9H16V7z"
        />
      </svg>
    </span>
    <span
      class="MuiTouchRipple-root"
    />
  </a>
</div>
`;
