// Jest Snapshot v1, https://goo.gl/fbAQLP

exports[`SavingIndicator when dirtySince is falsy when lastSave is 1 day ago should match snapshot 1`] = `"<div class=\\"u-text saving-indicator\\">Up to date</div>"`;

exports[`SavingIndicator when dirtySince is falsy when lastSave is 1 hour ago should match snapshot 1`] = `"<div class=\\"u-text saving-indicator\\">Up to date</div>"`;

exports[`SavingIndicator when dirtySince is falsy when lastSave is 1 min ago should match snapshot 1`] = `"<div class=\\"u-text saving-indicator\\">Up to date</div>"`;

exports[`SavingIndicator when dirtySince is falsy when lastSave is 3 hour ago should match snapshot 1`] = `"<div class=\\"u-text saving-indicator\\">Up to date</div>"`;

exports[`SavingIndicator when dirtySince is falsy when lastSave is 5 min ago should match snapshot 1`] = `"<div class=\\"u-text saving-indicator\\">Up to date</div>"`;

exports[`SavingIndicator when dirtySince is falsy when lastSave is 10 day ago should match snapshot 1`] = `"<div class=\\"u-text saving-indicator\\">Up to date</div>"`;

exports[`SavingIndicator when dirtySince is falsy when lastSave is 15 min ago should match snapshot 1`] = `"<div class=\\"u-text saving-indicator\\">Up to date</div>"`;

exports[`SavingIndicator when dirtySince is falsy when lastSave is 28 min ago should match snapshot 1`] = `"<div class=\\"u-text saving-indicator\\">Up to date</div>"`;

exports[`SavingIndicator when dirtySince is falsy when lastSave is 45 sec ago should match snapshot 1`] = `"<div class=\\"u-text saving-indicator\\">Up to date</div>"`;

exports[`SavingIndicator when dirtySince is falsy when lastSave is 50 min ago should match snapshot 1`] = `"<div class=\\"u-text saving-indicator\\">Up to date</div>"`;

exports[`SavingIndicator when dirtySince is falsy when lastSave is few seconds ago should match snapshot 1`] = `"<div class=\\"u-text saving-indicator\\">Up to date</div>"`;

exports[`SavingIndicator when dirtySince is truthy when dirtySince is a few minutes ago should match snapshot 1`] = `"<div class=\\"u-text saving-indicator\\" aria-describedby=\\"mui-\\">Changes unsaved (off-line)</div><div role=\\"tooltip\\" class=\\"MuiTooltip-popper\\" id=\\"mui-\\" style=\\"position: absolute; top: 0px; left: 0px;\\" x-placement=\\"bottom\\"><div class=\\"MuiTooltip-tooltip MuiTooltip-tooltipPlacementBottom MuiTooltip-tooltipPlacementBottom\\" style=\\"opacity: 1; transform: scale(1, 1); transition: opacity 200ms cubic-bezier(0.4, 0, 0.2, 1) 0ms,transform 133ms cubic-bezier(0.4, 0, 0.2, 1) 0ms;\\"><div class=\\"MuiGrid-root grid MuiGrid-container MuiGrid-wrap-xs-nowrap\\"><div class=\\"MuiGrid-root MuiGrid-item\\"><div class=\\"styles__c-chip___2aPqg styles__c-chip--normalSize___3U8N4 styles__c-chip--normalTheme___kVm5M u-breakword styles__c-chip--round___JCd2e chip\\"><svg class=\\"styles__icon___23x3R\\" style=\\"fill: var(--black);\\" width=\\"16\\" height=\\"16\\"><use xlink:href=\\"#offline\\"></use></svg></div></div><div class=\\"MuiGrid-root MuiGrid-item\\">You're not connected to internet anymore. Your changes will be saved once you will be connected again.</div></div></div></div>"`;

exports[`SavingIndicator when dirtySince is truthy when dirtySince is a few seconds ago should match snapshot 1`] = `"<div class=\\"u-text saving-indicator\\">Saving...</div>"`;

exports[`SavingIndicator when offline should match snapshot 1`] = `"<div class=\\"u-text saving-indicator\\" aria-describedby=\\"mui-\\">Saved (off-line)</div><div role=\\"tooltip\\" class=\\"MuiTooltip-popper\\" id=\\"mui-\\" style=\\"position: absolute; top: 0px; left: 0px;\\" x-placement=\\"bottom\\"><div class=\\"MuiTooltip-tooltip MuiTooltip-tooltipPlacementBottom MuiTooltip-tooltipPlacementBottom\\" style=\\"opacity: 1; transform: scale(1, 1); transition: opacity 200ms cubic-bezier(0.4, 0, 0.2, 1) 0ms,transform 133ms cubic-bezier(0.4, 0, 0.2, 1) 0ms;\\"><div class=\\"MuiGrid-root grid MuiGrid-container MuiGrid-wrap-xs-nowrap\\"><div class=\\"MuiGrid-root MuiGrid-item\\"><div class=\\"styles__c-chip___2aPqg styles__c-chip--normalSize___3U8N4 styles__c-chip--normalTheme___kVm5M u-breakword styles__c-chip--round___JCd2e chip\\"><svg class=\\"styles__icon___23x3R\\" style=\\"fill: var(--black);\\" width=\\"16\\" height=\\"16\\"><use xlink:href=\\"#offline\\"></use></svg></div></div><div class=\\"MuiGrid-root MuiGrid-item\\">You're not connected to internet anymore. Your changes will be saved once you will be connected again.</div></div></div></div>"`;

exports[`SavingIndicator when online should match snapshot 1`] = `"<div class=\\"u-text saving-indicator\\">Up to date</div>"`;
